------
|    |
|    |
|    |
------
------
|xx  |
|    |
|    |
------
------
|xx  |
| xx |
| xx |
------
------
|xxvv|
| xxv|
| xxv|
------
